0:
1	49654	440
1	40673	437

1:
1	31630	63
1	36157	109

2:
1	40671	564
1	76773	702

Stat:
ratio of A wins : 1
ratio of B wins : 0
ratio of Tie : 0

ratio of (A wins + tie) : 1
ratio of (B wins + tie) : 0
