0:
1	22578	94
1	22594	0

1:
1	31630	0
1	22626	0

2:
1	18078	0
1	18063	0

Stat:
ratio of A wins : 1
ratio of B wins : 0
ratio of Tie : 0

ratio of (A wins + tie) : 1
ratio of (B wins + tie) : 0
