0:
1	63208	110
1	49705	62

1:
1	85845	563
1	54210	295

2:
1	49703	376
1	63250	297

Stat:
ratio of A wins : 1
ratio of B wins : 0
ratio of Tie : 0

ratio of (A wins + tie) : 1
ratio of (B wins + tie) : 0
