0:
5	4515	141
5	0	16

1:
5	9030	95
5	0	16

2:
5	4531	16
5	4515	79

Stat:
ratio of A wins : 1
ratio of B wins : 0
ratio of Tie : 0

ratio of (A wins + tie) : 1
ratio of (B wins + tie) : 0
