0:
1	72251	734
1	58718	658

1:
1	45181	142
1	70829	1078

2:
1	58782	203
1	58709	188

Stat:
ratio of A wins : 1
ratio of B wins : 0
ratio of Tie : 0

ratio of (A wins + tie) : 1
ratio of (B wins + tie) : 0
