0:
1	58706	216
1	45188	234

1:
1	40674	93
1	40662	47

2:
1	40672	282
1	40657	234

Stat:
ratio of A wins : 1
ratio of B wins : 0
ratio of Tie : 0

ratio of (A wins + tie) : 1
ratio of (B wins + tie) : 0
