0:
1	36129	998
1	36156	641

1:
1	40665	485
1	85817	638

2:
1	72304	858
1	36175	232

Stat:
ratio of A wins : 1
ratio of B wins : 0
ratio of Tie : 0

ratio of (A wins + tie) : 1
ratio of (B wins + tie) : 0
