0:
1	54171	3423
1	71143	11394

1:
1	54250	891
1	90298	1423

2:
1	99397	2234
1	72297	1532

Stat:
ratio of A wins : 1
ratio of B wins : 0
ratio of Tie : 0

ratio of (A wins + tie) : 1
ratio of (B wins + tie) : 0
