0:
1	45130	203
1	54203	157

1:
2	151412	517
1	58687	518

2:
1	72248	800
1	63271	938

Stat:
ratio of A wins : 0.833333
ratio of B wins : 0.166667
ratio of Tie : 0

ratio of (A wins + tie) : 0.833333
ratio of (B wins + tie) : 0.166667
