0:
1	58662	593
1	145832	1608

1:
1	90351	905
1	153051	1143

2:
1	85829	907
1	190117	1672

Stat:
ratio of A wins : 1
ratio of B wins : 0
ratio of Tie : 0

ratio of (A wins + tie) : 1
ratio of (B wins + tie) : 0
