0:
1	67736	389
1	76803	625

1:
1	54249	221
1	81257	1187

2:
1	58734	361
1	49706	419

Stat:
ratio of A wins : 1
ratio of B wins : 0
ratio of Tie : 0

ratio of (A wins + tie) : 1
ratio of (B wins + tie) : 0
