0:
1	72179	327
1	58750	438

1:
1	63233	158
1	54208	79

2:
1	58735	63
1	36173	31

Stat:
ratio of A wins : 1
ratio of B wins : 0
ratio of Tie : 0

ratio of (A wins + tie) : 1
ratio of (B wins + tie) : 0
