0:
1	58704	1953
1	103878	3983

1:
1	54258	655
1	54206	341

2:
1	146071	1375
1	155182	669

Stat:
ratio of A wins : 1
ratio of B wins : 0
ratio of Tie : 0

ratio of (A wins + tie) : 1
ratio of (B wins + tie) : 0
