0:
1	36126	46
1	72273	155

1:
1	36171	173
1	63219	298

2:
1	40660	80
1	40656	173

Stat:
ratio of A wins : 1
ratio of B wins : 0
ratio of Tie : 0

ratio of (A wins + tie) : 1
ratio of (B wins + tie) : 0
