0:
1	81491	1251
1	49514	657

1:
1	40541	996
1	1319695	2012

2:
1	58722	467
1	63251	891

Stat:
ratio of A wins : 1
ratio of B wins : 0
ratio of Tie : 0

ratio of (A wins + tie) : 1
ratio of (B wins + tie) : 0
