0:
2	76522	2014
1	159032	1709

1:
1	54060	1212
1	22945667	3672

2:
1	89178	7424
2	128200	5286

Stat:
ratio of A wins : 0.666667
ratio of B wins : 0.333333
ratio of Tie : 0

ratio of (A wins + tie) : 0.666667
ratio of (B wins + tie) : 0.333333
