0:
1	58520	270
1	85556	415

1:
1	54048	1960
1	45028	695

2:
1	103546	386
1	45048	543

Stat:
ratio of A wins : 1
ratio of B wins : 0
ratio of Tie : 0

ratio of (A wins + tie) : 1
ratio of (B wins + tie) : 0
