0:
1	58521	1355
1	49532	1071

1:
1	40527	2674
1	58533	3767

2:
1	40527	678
1	58537	1510

Stat:
ratio of A wins : 1
ratio of B wins : 0
ratio of Tie : 0

ratio of (A wins + tie) : 1
ratio of (B wins + tie) : 0
