0:
1	54023	1519
1	49529	1060

1:
1	54029	1301
1	36024	822

2:
1	54031	354
1	54033	587

Stat:
ratio of A wins : 1
ratio of B wins : 0
ratio of Tie : 0

ratio of (A wins + tie) : 1
ratio of (B wins + tie) : 0
