0:
1	58524	1259
1	58542	2631

1:
1	94552	19033
1	67551	11302

2:
1	171087	5718
1	54079	3051

Stat:
ratio of A wins : 1
ratio of B wins : 0
ratio of Tie : 0

ratio of (A wins + tie) : 1
ratio of (B wins + tie) : 0
