0:
1	45019	573
1	76539	1111

1:
1	58545	816
1	49530	701

2:
2	85547	1069
1	76551	940

Stat:
ratio of A wins : 0.833333
ratio of B wins : 0.166667
ratio of Tie : 0

ratio of (A wins + tie) : 0.833333
ratio of (B wins + tie) : 0.166667
