0:
1	126046	7243
1	166601	6596

1:
1	90083	884
1	103590	1629

2:
1	58560	2799
1	198092	9110

Stat:
ratio of A wins : 1
ratio of B wins : 0
ratio of Tie : 0

ratio of (A wins + tie) : 1
ratio of (B wins + tie) : 0
