0:
1	45018	540
1	49529	1129

1:
1	54029	1026
1	63046	999

2:
1	54038	941
1	54030	723

Stat:
ratio of A wins : 1
ratio of B wins : 0
ratio of Tie : 0

ratio of (A wins + tie) : 1
ratio of (B wins + tie) : 0
