0:
1	63024	1085
1	54034	1924

1:
1	49535	2757
1	76537	2289

2:
1	40538	1397
1	49528	1580

Stat:
ratio of A wins : 1
ratio of B wins : 0
ratio of Tie : 0

ratio of (A wins + tie) : 1
ratio of (B wins + tie) : 0
