0:
1	40516	1982
1	49527	613

1:
1	67540	2280
1	54038	2021

2:
1	40522	553
1	40523	413

Stat:
ratio of A wins : 1
ratio of B wins : 0
ratio of Tie : 0

ratio of (A wins + tie) : 1
ratio of (B wins + tie) : 0
