0:
1	76529	4390
1	126068	2960

1:
1	45052	779
1	85543	1821

2:
1	72050	1908
1	112565	3289

Stat:
ratio of A wins : 1
ratio of B wins : 0
ratio of Tie : 0

ratio of (A wins + tie) : 1
ratio of (B wins + tie) : 0
