0:
1	171064	5727
1	58575	3183

1:
1	58536	3397
1	40529	3702

2:
1	72037	3008
1	63043	3280

Stat:
ratio of A wins : 1
ratio of B wins : 0
ratio of Tie : 0

ratio of (A wins + tie) : 1
ratio of (B wins + tie) : 0
