0:
1	36016	108
1	45029	162

1:
1	45028	116
1	45031	123

2:
1	49529	310
1	54032	341

Stat:
ratio of A wins : 1
ratio of B wins : 0
ratio of Tie : 0

ratio of (A wins + tie) : 1
ratio of (B wins + tie) : 0
