0:
1	45015	1840
1	36025	1847

1:
1	126054	4679
1	45055	1193

2:
1	49529	915
1	49531	1147

Stat:
ratio of A wins : 1
ratio of B wins : 0
ratio of Tie : 0

ratio of (A wins + tie) : 1
ratio of (B wins + tie) : 0
