0:
1	27011	259
1	99042	878

1:
1	45049	611
1	139563	1929

2:
1	54063	805
1	72035	878

Stat:
ratio of A wins : 1
ratio of B wins : 0
ratio of Tie : 0

ratio of (A wins + tie) : 1
ratio of (B wins + tie) : 0
