0:
1	85532	3751
1	94557	1453

1:
1	63041	1796
1	103555	2651

2:
1	94565	3582
1	76554	2693

Stat:
ratio of A wins : 1
ratio of B wins : 0
ratio of Tie : 0

ratio of (A wins + tie) : 1
ratio of (B wins + tie) : 0
