0:
1	72029	6435
1	45034	1016

1:
1	45026	1231
1	112550	4293

2:
1	67557	978
1	49536	1089

Stat:
ratio of A wins : 1
ratio of B wins : 0
ratio of Tie : 0

ratio of (A wins + tie) : 1
ratio of (B wins + tie) : 0
