0:
1	76530	6785
1	63041	5240

1:
1	49527	967
1	49529	1332

2:
1	54035	2198
1	58534	2756

Stat:
ratio of A wins : 1
ratio of B wins : 0
ratio of Tie : 0

ratio of (A wins + tie) : 1
ratio of (B wins + tie) : 0
