0:
1	99036	8091
1	67551	4606

1:
1	67542	1886
1	49539	1773

2:
1	94544	4953
1	67548	3541

Stat:
ratio of A wins : 1
ratio of B wins : 0
ratio of Tie : 0

ratio of (A wins + tie) : 1
ratio of (B wins + tie) : 0
