0:
1	58525	6611
1	58530	13328

1:
1	72039	10530
1	108056	16120

2:
1	85568	18622
1	49544	4408

Stat:
ratio of A wins : 1
ratio of B wins : 0
ratio of Tie : 0

ratio of (A wins + tie) : 1
ratio of (B wins + tie) : 0
