0:
1	184571	8106
1	76572	3419

1:
1	49540	902
1	58540	921

2:
1	67543	924
1	45038	722

Stat:
ratio of A wins : 1
ratio of B wins : 0
ratio of Tie : 0

ratio of (A wins + tie) : 1
ratio of (B wins + tie) : 0
